[2026-06-17T18:21:48Z] [INFO] [v12.0-PROD] Unified Magnetic Invariant Attestation Sealed at Path: C:\ai2-2 | Hash: 4E/OWgUtiOGUQ5BipetvawNtCUPjsYtb6Bhy+YMoD34=
[2026-06-17T18:24:12Z] [INFO] [v12.0.1-PROD] Unified Magnetic Invariant Attestation Sealed at Path: C:\ai2-2 | Hash: AHzkhKfqjGpT9FpSX0CVfWC3ps7AFC46XVzg3EIbq/s=
[2026-06-17T18:31:00Z] [INFO] [v12.2.0-PROD] Single-Artifact Chord Consolidated: IWbwn03WEobf1b5P3nYX/1cdA4j1ENB0WM4totEiSQI=
[2026-06-17T18:31:25Z] [INFO] [v12.3.0-PROD] Active Hardware Matrix Layer Bound: tW8dDwFJ9UuWQvsKtLun5Lbc0M5cDvgFNTv8NjdScSI=
[2026-06-17T18:33:51Z] [INFO] [v12.4.0-PROD] HONC Aligned Matrix Block Bound: 1fHakvJUeAGPq9dYhIimOrm3nKZQSqcLo/Oue8h9aQo=
[2026-06-17T18:35:18Z] [INFO] [v12.5.0-PROD] Dragon Warrior Shift Locked: tz8YxK2Yqyls/NbGiTIl1ABte9Zka4joxS9IT5vQP8w=
[2026-06-17T18:42:36Z] [INFO] [v12.6.0-PROD] Geometric Right-Angle Interlock Sealed: rMRlIZtO/UdUX+J6GvBaFiJoIm5rZ134petQuk5pA44=
[2026-06-17T18:45:10Z] [INFO] [v12.8.0-PROD] Lifecycle Manifest Sealed: 6VxOpnaHusIN/CchKqY+xmfi8A9hrQpt02a8An/Ln3k=
[2026-06-17T18:46:02Z] [INFO] [v12.9.0-PROD] Repo Mutual Witness Crystallized: XxuUJEHspIyg2mXyFKdBhoV/NS9NK3ABNxe6BOt1XtA=
[2026-06-17T18:49:29Z] [INFO] [v13.0.1-PROD] Unified Hotfix Completed: aiRIxj+eDSoXxer4SYbfiDh+fUkiXqOVhOzMfmb+8es=
[2026-06-18T03:45:50Z] [INFO] [v13.2.0-PROD] Domain Target and XYO Oracle Mapped: sxNPMZY5iton7hcnDWDO8DQqflW4vQKyzZiTCq7TCeI=
[2026-06-18T03:47:02Z] [INFO] [v13.1.0-PROD] ThetaPass Matrix Integration Sealed: 2FALU+gkkYgqhKlFl5uCURd1p69HcUHD875X957I/ww=
[2026-07-10T05:16:13Z] [INFO] [v12.0.1-PROD] Unified Magnetic Invariant Attestation Sealed at Path: C:\ai2-2 | Hash: 3z0pZSMb42DwRyMj0jY9SjTNdkyX+fYZqos3x3+Mz34=
[2026-07-10T05:54:39Z] [INFO] [v12.0.1-PROD] Unified Magnetic Invariant Attestation Sealed at Path: C:\ai2-2 | Hash: 3z0pZSMb42DwRyMj0jY9SjTNdkyX+fYZqos3x3+Mz34=
[2026-07-10T06:06:35Z] [INFO] [v12.0.1-PROD] Unified Magnetic Invariant Attestation Sealed at Path: C:\ai2-2 | Hash: 3z0pZSMb42DwRyMj0jY9SjTNdkyX+fYZqos3x3+Mz34=
[2026-07-10T06:40:50Z] [INFO] [v12.0.1-PROD] Unified Magnetic Invariant Attestation Sealed at Path: C:\ai2-2 | Hash: 3z0pZSMb42DwRyMj0jY9SjTNdkyX+fYZqos3x3+Mz34=
[2026-07-10T06:54:05Z] [INFO] [v12.0.1-PROD] Unified Magnetic Invariant Attestation Sealed at Path: C:\ai2-2 | Hash: 3z0pZSMb42DwRyMj0jY9SjTNdkyX+fYZqos3x3+Mz34=
[2026-07-10T07:00:53Z] [INFO] [v12.0.1-PROD] Unified Magnetic Invariant Attestation Sealed at Path: C:\ai2-2 | Hash: 3z0pZSMb42DwRyMj0jY9SjTNdkyX+fYZqos3x3+Mz34=
[2026-07-10T07:04:57Z] [INFO] [v12.0.1-PROD] Unified Magnetic Invariant Attestation Sealed at Path: C:\ai2-2 | Hash: 3z0pZSMb42DwRyMj0jY9SjTNdkyX+fYZqos3x3+Mz34=
[2026-07-11T12:09:06Z] [INFO] [v12.0.1-PROD] Unified Magnetic Invariant Attestation Sealed at Path: C:\ai2-2 | Hash: 3z0pZSMb42DwRyMj0jY9SjTNdkyX+fYZqos3x3+Mz34=
